[Mon Nov 24 20:30:52.383428 2025] [ssl:warn] [pid 30052:tid 204] AH01909: www.example.com:443:0 server certificate does NOT include an ID which matches the server name
[Mon Nov 24 20:30:52.411508 2025] [ssl:warn] [pid 30052:tid 204] AH01909: www.example.com:443:0 server certificate does NOT include an ID which matches the server name
[Mon Nov 24 20:30:52.460148 2025] [mpm_winnt:notice] [pid 30052:tid 204] AH00455: Apache/2.4.58 (Win64) OpenSSL/3.1.3 PHP/8.2.12 configured -- resuming normal operations
[Mon Nov 24 20:30:52.460148 2025] [mpm_winnt:notice] [pid 30052:tid 204] AH00456: Apache Lounge VS17 Server built: Oct 18 2023 13:03:18
[Mon Nov 24 20:30:52.460148 2025] [core:notice] [pid 30052:tid 204] AH00094: Command line: 'apache\\bin\\httpd.exe -d C:/Users/stefa/Desktop/CARPETA WORDPRES/XAMPP/apache'
[Mon Nov 24 20:30:52.466165 2025] [mpm_winnt:notice] [pid 30052:tid 204] AH00418: Parent: Created child process 31284
Apache server interrupted...
025] [ssl:warn] [pid 31284:tid 432] AH01909: www.example.com:443:0 server certificate does NOT include an ID which matches the server name
[Mon Nov 24 20:30:52.708176 2025] [ssl:warn] [pid 31284:tid 432] AH01909: www.example.com:443:0 server certificate does NOT include an ID which matches the server name
[Mon Nov 24 20:30:52.731732 2025] [mpm_winnt:notice] [pid 31284:tid 432] AH00354: Child: Starting 150 worker threads.
[Mon Nov 24 20:31:11.327612 2025] [mpm_winnt:notice] [pid 30052:tid 204] AH00422: Parent: Received shutdown signal -- Shutting down the server.
[Mon Nov 24 20:31:13.343401 2025] [mpm_winnt:notice] [pid 31284:tid 432] AH00364: Child: All worker threads have exited.
[Mon Nov 24 20:31:13.367536 2025] [mpm_winnt:notice] [pid 30052:tid 204] AH00430: Parent: Child process 31284 exited successfully.
[Mon Nov 24 20:43:45.024899 2025] [ssl:warn] [pid 27832:tid 432] AH01909: www.example.com:443:0 server certificate does NOT include an ID which matches the server name
[Mon Nov 24 20:43:45.045451 2025] [ssl:warn] [pid 27832:tid 432] AH01909: www.example.com:443:0 server certificate does NOT include an ID which matches the server name
[Mon Nov 24 20:43:45.067002 2025] [mpm_winnt:notice] [pid 27832:tid 432] AH00455: Apache/2.4.58 (Win64) OpenSSL/3.1.3 PHP/8.2.12 configured -- resuming normal operations
[Mon Nov 24 20:43:45.067002 2025] [mpm_winnt:notice] [pid 27832:tid 432] AH00456: Apache Lounge VS17 Server built: Oct 18 2023 13:03:18
[Mon Nov 24 20:43:45.067002 2025] [core:notice] [pid 27832:tid 432] AH00094: Command line: 'c:\\users\\stefa\\desktop\\carpeta wordpres\\xampp\\apache\\bin\\httpd.exe -d C:/Users/stefa/Desktop/CARPETA WORDPRES/XAMPP/apache'
[Mon Nov 24 20:43:45.071023 2025] [mpm_winnt:notice] [pid 27832:tid 432] AH00418: Parent: Created child process 28828
[Mon Nov 24 20:43:45.281515 2025] [ssl:warn] [pid 28828:tid 472] AH01909: www.example.com:443:0 server certificate does NOT include an ID which matches the server name
[Mon Nov 24 20:43:45.301071 2025] [ssl:warn] [pid 28828:tid 472] AH01909: www.example.com:443:0 server certificate does NOT include an ID which matches the server name
[Mon Nov 24 20:43:45.323614 2025] [mpm_winnt:notice] [pid 28828:tid 472] AH00354: Child: Starting 150 worker threads.
[Mon Nov 24 20:44:58.945531 2025] [php:error] [pid 28828:tid 1872] [client ::1:63185] script 'C:/Users/stefa/Desktop/CARPETA WORDPRES/XAMPP/htdocs/wordpress/autoinstalaci\xc3\xb3n.php' not found or unable to stat
